<!DOCTYPE html>
<html lang="en">

<head>
    <meta charset="utf-8">
    <meta http-equiv="X-UA-Compatible" content="IE=edge">
    <meta name="viewport" content="width=device-width, initial-scale=1">
    <!-- The above 3 meta tags *must* come first in the head; any other head content must come *after* these tags -->
    <title>Daylite</title>
    <!-- Bootstrap -->
    <link href="css/bootstrap.min.css" rel="stylesheet">
    <link rel="stylesheet" href="style.css">
    <!-- HTML5 shim and Respond.js for IE8 support of HTML5 elements and media queries -->
    <!-- WARNING: Respond.js doesn't work if you view the page via file:// -->
    <!--[if lt IE 9]>
      <script src="https://oss.maxcdn.com/html5shiv/3.7.2/html5shiv.min.js"></script>
      <script src="https://oss.maxcdn.com/respond/1.4.2/respond.min.js"></script>
    <![endif]-->
</head>
<header>
    <div class="site-header id=" header>
        <div class="container">
            <div class="row">
                <a href="#">
                    <div class="logo"></div>
                </a> <span class="trigger-nav">&#9776;</span>
                <ul class="horizontal-nav trigger-victim">
                    <li><a href="#header" class="active">Home</a></li>
                    <li><a href="#services">Services</a></li>
                    <li><a href="#portfolio">Portfolio</a></li>
                    <li><a href="#about">About</a></li>
                    <li><a href="#contact">Contact</a></li>
                </ul>
            </div>
        </div>
    </div>
    <div class="container nice"> <span class="welcome">Welcome To Our Studio!</span>
        <h1>It&#8217;s nice to Meet you</h1>
        <button class="btn btn-default">Tell Me More</button>
    </div>
</header>
<section class="section-services" id="services">
    <div class="container">
        <div class="row">
            <h2>Services</h2>
            <div>
                <p class="proin">Proin iaculis purus consequat sem cure.</p>
            </div>
            <div class="col-md-4"> <span class="e-commerce"></span>
                <h3>E-Commerce</h3>
                <p class="padding-bottom">Proin iaculis purus consequat sem cure digni ssim. Donec porttitora entum suscipit</p>
            </div>
            <div class="col-md-4"> <span class="laptop"></span>
                <h3>Responsive Web</h3>
                <p class="padding-bottom">Proin iaculis purus consequat sem cure digni ssim. Donec porttitora entum suscipit </p>
            </div>
            <div class="col-md-4"> <span class="security"></span>
                <h3>Web Security</h3>
                <p class="padding-bottom">Proin iaculis purus consequat sem cure digni ssim. Donec porttitora entum suscipit </p>
            </div>
        </div>
    </div>
</section>
<section class="section-portfolio" id="portfolio">
    <div class="container">
        <div class="row">
            <h2>Our portfolio</h2>
            <div>
                <p class="proin">Proin iaculis purus consequat sem cure.</p>
            </div>
            <div class="col-md-4 col-sm-6 col-xs-12 portfolio-padding">
                <a href="#"> <img src="img/bg-1.png" alt="bg" width="291" height="310"> </a>
                <div class="portfolio-h3 ">
                    <a href="#">
                        <h3>
                        Ebony & Ivory
                </h3></a>
                    <p>Branding</p>
                </div>
            </div>
            <div class="col-md-4 col-sm-6 col-xs-12 portfolio-padding">
                <a href="#"> <img src="img/bg-2.png" alt="bg" width="291" height="310"> </a>
                <div class="portfolio-h3 "> <a href="#"><h3>
                    Smart Stationary
                </h3></a>
                    <p>Print Design</p>
                </div>
            </div>
            <div class="col-md-4 col-sm-6 col-xs-12 portfolio-padding">
                <a href="#"> <img src="img/bg-3.png" alt="bg" width="291" height="310"> </a>
                <div class="portfolio-h3"> <a href="#"><h3>
                    Clever Poster
                </h3></a>
                    <p>Print Design</p>
                </div>
            </div>
            <div class="col-md-4 col-sm-6 col-xs-12 portfolio-padding">
                <a href="#"> <img src="img/bg-4.png" alt="bg" width="291" height="310"> </a>
                <div class="portfolio-h3"> <a href="#"><h3>
                    Vinyl Record
                </h3></a>
                    <p>Product Mock-Up</p>
                </div>
            </div>
            <div class="col-md-4 col-sm-6 col-xs-12 portfolio-padding">
                <a href="#"> <img src="img/bg-5.png" alt="bg" width="291" height="310"> </a>
                <div class="portfolio-h3">
                    <a href="#">
                        <h3>
                    Treehouse Template
                </h3></a>
                    <p>Web Design</p>
                </div>
            </div>
            <div class="col-md-4 col-sm-6 col-xs-12 portfolio-padding">
                <a href="#"> <img src="img/bg-6.png" alt="bg" width="291" height="310"> </a>
                <div class="portfolio-h3">
                    <a href="#">
                        <h3>
                    Burned Logo
                       </h3> </a>
                    <p>Branding</p>
                </div>
            </div>
        </div>
    </div>
</section>
<section class="about-us" id="about">
    <h2>About Us</h2>
    <div class="proin">
        <p>Proin iaculis purus consequat sem cure.</p>
    </div>
    <div class="line"></div>
    <div class="cont">
        <div class="text-left">
            <h3>July 2010<br>
Our Humble Beginnings</h3><span>Proin iaculis purus consequat sem cure 
digni ssim. Donec porttitora entum suscipit 
aenean rhoncus posuere odio in tincidunt. Proin 
iaculis purus consequat sem cure digni 
ssim. Donec porttitora entum suscipit.</span> </div>
        <div class="img"><img src="img/about-us-1.png" width="169" height="169" alt="about"></div>
    </div>
    <div class="cont">
        <div class="text-right">
            <h3>January 2011<br>
Facing Startup Battles</h3><span>Proin iaculis purus consequat sem cure 
digni ssim. Donec porttitora entum suscipit 
aenean rhoncus posuere odio in tincidunt. Proin 
iaculis purus consequat sem cure digni 
ssim. Donec porttitora entum suscipit aenean 
rhoncus posuere odio in tincidunt.
       </span> </div>
        <div class="img"><img src="img/about-us-2.png" width="169" height="169" alt="about"></div>
    </div>
    <div class="cont">
        <div class="text-left">
            <h3>December 2012<br>
Enter The Dark Days</h3><span>Proin iaculis purus consequat sem cure 
digni ssim. Donec porttitora entum suscipit 
aenean rhoncus posuere odio in tincidunt. Proin 
iaculis purus consequat sem cure digni.</span> </div>
        <div class="img"><img src="img/about-us-3.png" width="169" height="169" alt="about"></div>
    </div>
    <div class="cont">
        <div class="text-right">
            <h3>FEBRUARY 2014<br>
Our Triumph</h3><span>Proin iaculis purus consequat sem cure 
digni ssim. Donec porttitora entum suscipit 
aenean rhoncus posuere odio in tincidunt. Proin 
iaculis purus consequat sem cure digni 
ssim. Donec porttitora entum suscipit aenean.</span> </div>
        <div class="img"><img src="img/about-us-4.png" width="169" height="169" alt="about"></div>
    </div>
    <div class="cont">
        <div class="img img-last"> <a href="#">Our<br>
Story<br>
Continues<br>
...</a> </div>
    </div>
    </div>
</section>
<section class="section-amazing">
    <div class="container">
        <div class="row">
            <div class="col-md-12 amazing-team">
                <h2>our amazing team</h2> <span>Proin iaculis purus consequat sem cure.</span></div>
            <div class="col-md-4">
                <div class="black-circle"></div>
                <h3>Kimberly Thompson<p>
Marketer</p></h3> <a href="#"><span class="twitter "></span></a>
                <a href="#"> <span class="facebook "></span></a>
                <a href="#"> <span class="pinterest"></span></a>
            </div>
            <div class="col-md-4">
                <div class="black-circle"></div>
                <h3>Rico Massimo<p>
Coder</p></h3>
                <a href="#"> <span class="twitter "></span></a>
                <a href="#"> <span class="facebook "></span></a>
                <a href="#"> <span class="google "></span></a>
            </div>
            <div class="black-circle"></div>
            <div class="col-md-4">
                <h3>Uku Mason<p>
Graphic Designer</p></h3> <a href="#"><span class="facebook "></span></a>
                <a href="#"> <span class="pinterest "></span></a>
            </div>
            <div class="col-md-12 cite">
                <p>Proin iaculis purus consequat sem cure digni ssim donec porttitora entum suscipit
                    <br> aenean rhoncus posuere odio in tincidunt proin iaculis.</p>
            </div>
        </div>
    </div>
</section>
<section class="section-brand">
    <div class="container">
        <div class="row">
            <div class="col-md-3 col-sm-6">
                <a href="#"><img class="img-brand" src="img/envato.png" alt=""></a>
            </div>
            <div class="col-md-3 col-sm-6">
                <a href="#"><img class="img-brand" src="img/wordpress.png" alt=""></a>
            </div>
            <div class="col-md-3 col-sm-6">
                <a href="#"><img class="img-brand" src="img/tuts.png" alt=""></a>
            </div>
            <div class="col-md-3 col-sm-6">
                <a href="#"><img class="img-brand" src="img/microlancer.png" alt=""></a>
            </div>
        </div>
    </div>
</section>
<section class="contact-us" id="contact">
    <div class="container">
        <div class="row">
            <div class="col-md-12">
                <h2>Contact us</h2> <span><p>Proin iaculis purus consequat sem cure.</p></span> </div>
            <div class="col-md-12">
                <form action="#">
                    <div class="col-md-6">
                        <input type="text" placeholder="your Name *">
                        <input type="text" placeholder="your e-mail *">
                        <input type="text" placeholder="subject"> </div>
                    <div class="col-md-6">
                        <textarea placeholder="Your message *" rows="9" cols="55"></textarea>
                    </div>
                    <div class="col-md-12">
                        <button class="btn btn-default center " type="submit">Send Message</button>
                    </div>
                </form>
            </div>
        </div>
    </div>
</section>
<footer class="footer">
    <div class="container">
        <div class="row">
            <p class="copyright">&#169; Copyright 2014 FreebiesXpress.com</p>
            <div class="social">
                <a href="#"> <span class="twitter-black "></span> </a>
                <a href="#"> <span class="facebook-black "></span> </a>
                <a href="#"> <span class="pinterast-black "></span> </a>
                <a href="#"> <span class="google-black "></span> </a>
            </div>
        </div>
    </div>
</footer>

<body>
    <!-- responsive menu script -->
    <script src="https://ajax.googleapis.com/ajax/libs/jquery/1.11.3/jquery.min.js"></script>
    <!-- Include all compiled plugins (below), or include individual files as needed -->
    <script src="js/functions.js"></script>
</body>

</html>
